08-22 22:08:19.471 24975 24997 I TestRunner: started: order_reset_after_cancel_from_accompaniment_menu(com.example.lunchtray.OrderFunctionalityTests)
08-22 22:08:19.476 24975 24997 W Settings: Setting always_finish_activities has moved from android.provider.Settings.System to android.provider.Settings.Global, returning read-only value.
08-22 22:08:19.494   893   973 D SplashScreenView: Build android.window.SplashScreenView{465073a V.E...... ......ID 0,0-0,0}
08-22 22:08:19.494   893   973 D SplashScreenView: Icon: view: null drawable: null size: 0
08-22 22:08:19.494   893   973 D SplashScreenView: Branding: view: android.view.View{813efeb G.ED..... ......I. 0,0-0,0 #10204a6 android:id/splashscreen_branding_view} drawable: null size w: 0 h: 0
08-22 22:08:19.502 24975 24975 D LifecycleMonitor: Lifecycle status change: androidx.test.core.app.InstrumentationActivityInvoker$BootstrapActivity@d654fc9 in: PRE_ON_CREATE
08-22 22:08:19.502 24975 24975 V ActivityScenario: Activity lifecycle changed event received but ignored because the intent does not match. startActivityIntent=Intent { act=android.intent.action.MAIN cat=[android.intent.category.LAUNCHER] cmp=com.example.lunchtray/.MainActivity }, activity.getIntent()=Intent { act=android.intent.action.MAIN cat=[android.intent.category.LAUNCHER] flg=0x10008000 cmp=com.example.lunchtray/androidx.test.core.app.InstrumentationActivityInvoker$BootstrapActivity (has extras) }, activity=androidx.test.core.app.InstrumentationActivityInvoker$BootstrapActivity@d654fc9
08-22 22:08:19.509 24975 24975 D LifecycleMonitor: Lifecycle status change: androidx.test.core.app.InstrumentationActivityInvoker$BootstrapActivity@d654fc9 in: CREATED
08-22 22:08:19.509   347   402 D goldfish-address-space: claimShared: Ask to claim region [0x1eef70000 0x1ef914000]
08-22 22:08:19.509 24975 24975 V ActivityScenario: Activity lifecycle changed event received but ignored because the intent does not match. startActivityIntent=Intent { act=android.intent.action.MAIN cat=[android.intent.category.LAUNCHER] cmp=com.example.lunchtray/.MainActivity }, activity.getIntent()=Intent { act=android.intent.action.MAIN cat=[android.intent.category.LAUNCHER] flg=0x10008000 cmp=com.example.lunchtray/androidx.test.core.app.InstrumentationActivityInvoker$BootstrapActivity (has extras) }, activity=androidx.test.core.app.InstrumentationActivityInvoker$BootstrapActivity@d654fc9
08-22 22:08:19.511 24975 24975 D LifecycleMonitor: Lifecycle status change: androidx.test.core.app.InstrumentationActivityInvoker$BootstrapActivity@d654fc9 in: STARTED
08-22 22:08:19.511 24975 24975 V ActivityScenario: Activity lifecycle changed event received but ignored because the intent does not match. startActivityIntent=Intent { act=android.intent.action.MAIN cat=[android.intent.category.LAUNCHER] cmp=com.example.lunchtray/.MainActivity }, activity.getIntent()=Intent { act=android.intent.action.MAIN cat=[android.intent.category.LAUNCHER] flg=0x10008000 cmp=com.example.lunchtray/androidx.test.core.app.InstrumentationActivityInvoker$BootstrapActivity (has extras) }, activity=androidx.test.core.app.InstrumentationActivityInvoker$BootstrapActivity@d654fc9
08-22 22:08:19.511   347   402 D goldfish-address-space: claimShared: Ask to claim region [0x1f23f8000 0x1f2d9c000]
08-22 22:08:19.512   347   402 D goldfish-address-space: claimShared: Ask to claim region [0x1f2d9c000 0x1f3740000]
08-22 22:08:19.524 24975 24975 D LifecycleMonitor: Lifecycle status change: androidx.test.core.app.InstrumentationActivityInvoker$BootstrapActivity@d654fc9 in: RESUMED
08-22 22:08:19.526 24975 24975 V ActivityScenario: Activity lifecycle changed event received but ignored because the intent does not match. startActivityIntent=Intent { act=android.intent.action.MAIN cat=[android.intent.category.LAUNCHER] cmp=com.example.lunchtray/.MainActivity }, activity.getIntent()=Intent { act=android.intent.action.MAIN cat=[android.intent.category.LAUNCHER] flg=0x10008000 cmp=com.example.lunchtray/androidx.test.core.app.InstrumentationActivityInvoker$BootstrapActivity (has extras) }, activity=androidx.test.core.app.InstrumentationActivityInvoker$BootstrapActivity@d654fc9
08-22 22:08:19.530 24975 24975 D LifecycleMonitor: Lifecycle status change: androidx.test.core.app.InstrumentationActivityInvoker$BootstrapActivity@d654fc9 in: PAUSED
08-22 22:08:19.530 24975 24975 V ActivityScenario: Activity lifecycle changed event received but ignored because the intent does not match. startActivityIntent=Intent { act=android.intent.action.MAIN cat=[android.intent.category.LAUNCHER] cmp=com.example.lunchtray/.MainActivity }, activity.getIntent()=Intent { act=android.intent.action.MAIN cat=[android.intent.category.LAUNCHER] flg=0x10008000 cmp=com.example.lunchtray/androidx.test.core.app.InstrumentationActivityInvoker$BootstrapActivity (has extras) }, activity=androidx.test.core.app.InstrumentationActivityInvoker$BootstrapActivity@d654fc9
08-22 22:08:19.533   347   402 D goldfish-address-space: claimShared: Ask to claim region [0x1ef914000 0x1eff40000]
08-22 22:08:19.579 24975 24975 D LifecycleMonitor: Lifecycle status change: com.example.lunchtray.MainActivity@c64bd39 in: PRE_ON_CREATE
08-22 22:08:19.580 24975 24975 V ActivityScenario: Activity lifecycle changed event received but ignored because the reported transition was not ON_CREATE while the last known transition was PRE_ON_CREATE
08-22 22:08:19.649 24975 24975 W ample.lunchtra: Accessing hidden method Landroid/view/View;->computeFitSystemWindows(Landroid/graphics/Rect;Landroid/graphics/Rect;)Z (unsupported, reflection, allowed)
08-22 22:08:19.649 24975 24975 W ample.lunchtra: Accessing hidden method Landroid/view/ViewGroup;->makeOptionalFitsSystemWindows()V (unsupported, reflection, allowed)
08-22 22:08:19.658 24975 24975 D LifecycleMonitor: Lifecycle status change: com.example.lunchtray.MainActivity@c64bd39 in: CREATED
08-22 22:08:19.658 24975 24975 V ActivityScenario: Update currentActivityStage to CREATED, currentActivity=com.example.lunchtray.MainActivity@c64bd39
08-22 22:08:19.676 24975 24975 D LifecycleMonitor: Lifecycle status change: com.example.lunchtray.MainActivity@c64bd39 in: STARTED
08-22 22:08:19.676 24975 24975 V ActivityScenario: Update currentActivityStage to STARTED, currentActivity=com.example.lunchtray.MainActivity@c64bd39
08-22 22:08:19.677 24975 24975 D LifecycleMonitor: Lifecycle status change: com.example.lunchtray.MainActivity@c64bd39 in: RESUMED
08-22 22:08:19.677 24975 24975 V ActivityScenario: Update currentActivityStage to RESUMED, currentActivity=com.example.lunchtray.MainActivity@c64bd39
08-22 22:08:19.698   347   402 D goldfish-address-space: claimShared: Ask to claim region [0x1ec000000 0x1ec9a4000]
08-22 22:08:19.700   347   402 D goldfish-address-space: claimShared: Ask to claim region [0x1edc28000 0x1ee5cc000]
08-22 22:08:19.700   347   402 D goldfish-address-space: claimShared: Ask to claim region [0x1ee5cc000 0x1eef70000]
08-22 22:08:19.731  1567  1567 I GoogleInputMethodService: GoogleInputMethodService.onFinishInput():3420
08-22 22:08:19.732  1567  1567 I GoogleInputMethodService: GoogleInputMethodService.onStartInput():2002
08-22 22:08:19.733  1567  1567 I DeviceUnlockedTag: DeviceUnlockedTag.notifyDeviceLockStatusChanged():31 Notify device unlocked.
08-22 22:08:19.757 24975 24975 I ViewInteraction: Performing 'single click' action on view view.getId() is <2131231208/com.example.lunchtray:id/start_order_btn>
08-22 22:08:19.972 24975 24975 D LifecycleMonitor: Lifecycle status change: androidx.test.core.app.InstrumentationActivityInvoker$BootstrapActivity@d654fc9 in: STOPPED
08-22 22:08:19.973 24975 24975 V ActivityScenario: Activity lifecycle changed event received but ignored because the intent does not match. startActivityIntent=Intent { act=android.intent.action.MAIN cat=[android.intent.category.LAUNCHER] cmp=com.example.lunchtray/.MainActivity }, activity.getIntent()=Intent { act=android.intent.action.MAIN cat=[android.intent.category.LAUNCHER] flg=0x10008000 cmp=com.example.lunchtray/androidx.test.core.app.InstrumentationActivityInvoker$BootstrapActivity (has extras) }, activity=androidx.test.core.app.InstrumentationActivityInvoker$BootstrapActivity@d654fc9
08-22 22:08:20.007   544  1311 W InputManager-JNI: Input channel object '8b8b8d6 Splash Screen com.example.lunchtray (client)' was disposed without first being removed with the input manager!
08-22 22:08:20.174 24975 24975 I ViewInteraction: Performing 'single click' action on view view.getId() is <2131230844/com.example.lunchtray:id/cauliflower>
08-22 22:08:20.521 24975 24975 I ViewInteraction: Performing 'single click' action on view view.getId() is <2131231081/com.example.lunchtray:id/next_button>
08-22 22:08:20.756 24975 24999 D EGL_emulation: app_time_stats: avg=15.11ms min=2.32ms max=247.63ms count=39
08-22 22:08:20.977 24975 24975 I ViewInteraction: Performing 'single click' action on view view.getId() is <2131231187/com.example.lunchtray:id/soup>
08-22 22:08:21.288 24975 24975 I ViewInteraction: Performing 'single click' action on view view.getId() is <2131231081/com.example.lunchtray:id/next_button>
08-22 22:08:21.670 24975 24975 I ViewInteraction: Performing 'single click' action on view view.getId() is <2131230835/com.example.lunchtray:id/bread>
08-22 22:08:21.757 24975 24999 D EGL_emulation: app_time_stats: avg=26.48ms min=2.62ms max=256.19ms count=31
08-22 22:08:21.969 24975 24975 I ViewInteraction: Performing 'single click' action on view view.getId() is <2131230842/com.example.lunchtray:id/cancel_button>
08-22 22:08:22.389 24975 24975 I ViewInteraction: Performing 'single click' action on view view.getId() is <2131231208/com.example.lunchtray:id/start_order_btn>
08-22 22:08:22.708 24975 24975 I ViewInteraction: Checking 'MatchesViewAssertion{viewMatcher=(view has effective visibility <VISIBLE> and view.getGlobalVisibleRect() to return non-empty rectangle)}' assertion on view an instance of android.widget.TextView and view.getText() with or without transformation to match: is "Subtotal: $0.00"
08-22 22:08:22.709 24975 24997 I TestRunner: finished: order_reset_after_cancel_from_accompaniment_menu(com.example.lunchtray.OrderFunctionalityTests)
