08-22 22:08:28.943 24975 24997 I TestRunner: started: subtotal_tax_total_in_checkout(com.example.lunchtray.OrderFunctionalityTests)
08-22 22:08:28.949 24975 24975 D LifecycleMonitor: Lifecycle status change: com.example.lunchtray.MainActivity@a08b10f in: DESTROYED
08-22 22:08:28.949 24975 24975 V ActivityScenario: Update currentActivityStage to DESTROYED, currentActivity=null
08-22 22:08:28.949 24975 24975 V ActivityScenario: Update currentActivityStage to DESTROYED, currentActivity=null
08-22 22:08:28.950 24975 24975 V ActivityScenario: Update currentActivityStage to DESTROYED, currentActivity=null
08-22 22:08:28.950 24975 24975 V ActivityScenario: Update currentActivityStage to DESTROYED, currentActivity=null
08-22 22:08:28.958   544  1310 W InputManager-JNI: Input channel object 'a42656c com.example.lunchtray/com.example.lunchtray.MainActivity (client)' was disposed without first being removed with the input manager!
08-22 22:08:28.977 24975 24997 W Settings: Setting always_finish_activities has moved from android.provider.Settings.System to android.provider.Settings.Global, returning read-only value.
08-22 22:08:28.998   893   973 D SplashScreenView: Build android.window.SplashScreenView{2686554 V.E...... ......ID 0,0-0,0}
08-22 22:08:28.998   893   973 D SplashScreenView: Icon: view: null drawable: null size: 0
08-22 22:08:28.998   893   973 D SplashScreenView: Branding: view: android.view.View{84aecfd G.ED..... ......I. 0,0-0,0 #10204a6 android:id/splashscreen_branding_view} drawable: null size w: 0 h: 0
08-22 22:08:29.034 24975 24975 D LifecycleMonitor: Lifecycle status change: androidx.test.core.app.InstrumentationActivityInvoker$BootstrapActivity@8271f80 in: PRE_ON_CREATE
08-22 22:08:29.034 24975 24975 V ActivityScenario: Activity lifecycle changed event received but ignored because the intent does not match. startActivityIntent=Intent { act=android.intent.action.MAIN cat=[android.intent.category.LAUNCHER] cmp=com.example.lunchtray/.MainActivity }, activity.getIntent()=Intent { act=android.intent.action.MAIN cat=[android.intent.category.LAUNCHER] flg=0x10008000 cmp=com.example.lunchtray/androidx.test.core.app.InstrumentationActivityInvoker$BootstrapActivity (has extras) }, activity=androidx.test.core.app.InstrumentationActivityInvoker$BootstrapActivity@8271f80
08-22 22:08:29.035 24975 24975 V ActivityScenario: Activity lifecycle changed event received but ignored because the intent does not match. startActivityIntent=Intent { act=android.intent.action.MAIN cat=[android.intent.category.LAUNCHER] cmp=com.example.lunchtray/.MainActivity }, activity.getIntent()=Intent { act=android.intent.action.MAIN cat=[android.intent.category.LAUNCHER] flg=0x10008000 cmp=com.example.lunchtray/androidx.test.core.app.InstrumentationActivityInvoker$BootstrapActivity (has extras) }, activity=androidx.test.core.app.InstrumentationActivityInvoker$BootstrapActivity@8271f80
08-22 22:08:29.035 24975 24975 V ActivityScenario: Activity lifecycle changed event received but ignored because the intent does not match. startActivityIntent=Intent { act=android.intent.action.MAIN cat=[android.intent.category.LAUNCHER] cmp=com.example.lunchtray/.MainActivity }, activity.getIntent()=Intent { act=android.intent.action.MAIN cat=[android.intent.category.LAUNCHER] flg=0x10008000 cmp=com.example.lunchtray/androidx.test.core.app.InstrumentationActivityInvoker$BootstrapActivity (has extras) }, activity=androidx.test.core.app.InstrumentationActivityInvoker$BootstrapActivity@8271f80
08-22 22:08:29.035 24975 24975 V ActivityScenario: Activity lifecycle changed event received but ignored because the intent does not match. startActivityIntent=Intent { act=android.intent.action.MAIN cat=[android.intent.category.LAUNCHER] cmp=com.example.lunchtray/.MainActivity }, activity.getIntent()=Intent { act=android.intent.action.MAIN cat=[android.intent.category.LAUNCHER] flg=0x10008000 cmp=com.example.lunchtray/androidx.test.core.app.InstrumentationActivityInvoker$BootstrapActivity (has extras) }, activity=androidx.test.core.app.InstrumentationActivityInvoker$BootstrapActivity@8271f80
08-22 22:08:29.035 24975 24975 V ActivityScenario: Activity lifecycle changed event received but ignored because the intent does not match. startActivityIntent=Intent { act=android.intent.action.MAIN cat=[android.intent.category.LAUNCHER] cmp=com.example.lunchtray/.MainActivity }, activity.getIntent()=Intent { act=android.intent.action.MAIN cat=[android.intent.category.LAUNCHER] flg=0x10008000 cmp=com.example.lunchtray/androidx.test.core.app.InstrumentationActivityInvoker$BootstrapActivity (has extras) }, activity=androidx.test.core.app.InstrumentationActivityInvoker$BootstrapActivity@8271f80
08-22 22:08:29.054   347   416 D goldfish-address-space: claimShared: Ask to claim region [0x1eebf8000 0x1ef59c000]
08-22 22:08:29.058   347   416 D goldfish-address-space: claimShared: Ask to claim region [0x1ef59c000 0x1eff40000]
08-22 22:08:29.061   347   416 D goldfish-address-space: claimShared: Ask to claim region [0x1f0000000 0x1f09a4000]
08-22 22:08:29.071 24975 24975 D LifecycleMonitor: Lifecycle status change: androidx.test.core.app.InstrumentationActivityInvoker$BootstrapActivity@8271f80 in: CREATED
08-22 22:08:29.073 24975 24975 V ActivityScenario: Activity lifecycle changed event received but ignored because the intent does not match. startActivityIntent=Intent { act=android.intent.action.MAIN cat=[android.intent.category.LAUNCHER] cmp=com.example.lunchtray/.MainActivity }, activity.getIntent()=Intent { act=android.intent.action.MAIN cat=[android.intent.category.LAUNCHER] flg=0x10008000 cmp=com.example.lunchtray/androidx.test.core.app.InstrumentationActivityInvoker$BootstrapActivity (has extras) }, activity=androidx.test.core.app.InstrumentationActivityInvoker$BootstrapActivity@8271f80
08-22 22:08:29.075 24975 24975 V ActivityScenario: Activity lifecycle changed event received but ignored because the intent does not match. startActivityIntent=Intent { act=android.intent.action.MAIN cat=[android.intent.category.LAUNCHER] cmp=com.example.lunchtray/.MainActivity }, activity.getIntent()=Intent { act=android.intent.action.MAIN cat=[android.intent.category.LAUNCHER] flg=0x10008000 cmp=com.example.lunchtray/androidx.test.core.app.InstrumentationActivityInvoker$BootstrapActivity (has extras) }, activity=androidx.test.core.app.InstrumentationActivityInvoker$BootstrapActivity@8271f80
08-22 22:08:29.077 24975 24975 V ActivityScenario: Activity lifecycle changed event received but ignored because the intent does not match. startActivityIntent=Intent { act=android.intent.action.MAIN cat=[android.intent.category.LAUNCHER] cmp=com.example.lunchtray/.MainActivity }, activity.getIntent()=Intent { act=android.intent.action.MAIN cat=[android.intent.category.LAUNCHER] flg=0x10008000 cmp=com.example.lunchtray/androidx.test.core.app.InstrumentationActivityInvoker$BootstrapActivity (has extras) }, activity=androidx.test.core.app.InstrumentationActivityInvoker$BootstrapActivity@8271f80
08-22 22:08:29.078 24975 24975 V ActivityScenario: Activity lifecycle changed event received but ignored because the intent does not match. startActivityIntent=Intent { act=android.intent.action.MAIN cat=[android.intent.category.LAUNCHER] cmp=com.example.lunchtray/.MainActivity }, activity.getIntent()=Intent { act=android.intent.action.MAIN cat=[android.intent.category.LAUNCHER] flg=0x10008000 cmp=com.example.lunchtray/androidx.test.core.app.InstrumentationActivityInvoker$BootstrapActivity (has extras) }, activity=androidx.test.core.app.InstrumentationActivityInvoker$BootstrapActivity@8271f80
08-22 22:08:29.079 24975 24975 V ActivityScenario: Activity lifecycle changed event received but ignored because the intent does not match. startActivityIntent=Intent { act=android.intent.action.MAIN cat=[android.intent.category.LAUNCHER] cmp=com.example.lunchtray/.MainActivity }, activity.getIntent()=Intent { act=android.intent.action.MAIN cat=[android.intent.category.LAUNCHER] flg=0x10008000 cmp=com.example.lunchtray/androidx.test.core.app.InstrumentationActivityInvoker$BootstrapActivity (has extras) }, activity=androidx.test.core.app.InstrumentationActivityInvoker$BootstrapActivity@8271f80
08-22 22:08:29.085 24975 24975 D LifecycleMonitor: Lifecycle status change: androidx.test.core.app.InstrumentationActivityInvoker$BootstrapActivity@8271f80 in: STARTED
08-22 22:08:29.085 24975 24975 V ActivityScenario: Activity lifecycle changed event received but ignored because the intent does not match. startActivityIntent=Intent { act=android.intent.action.MAIN cat=[android.intent.category.LAUNCHER] cmp=com.example.lunchtray/.MainActivity }, activity.getIntent()=Intent { act=android.intent.action.MAIN cat=[android.intent.category.LAUNCHER] flg=0x10008000 cmp=com.example.lunchtray/androidx.test.core.app.InstrumentationActivityInvoker$BootstrapActivity (has extras) }, activity=androidx.test.core.app.InstrumentationActivityInvoker$BootstrapActivity@8271f80
08-22 22:08:29.085 24975 24975 V ActivityScenario: Activity lifecycle changed event received but ignored because the intent does not match. startActivityIntent=Intent { act=android.intent.action.MAIN cat=[android.intent.category.LAUNCHER] cmp=com.example.lunchtray/.MainActivity }, activity.getIntent()=Intent { act=android.intent.action.MAIN cat=[android.intent.category.LAUNCHER] flg=0x10008000 cmp=com.example.lunchtray/androidx.test.core.app.InstrumentationActivityInvoker$BootstrapActivity (has extras) }, activity=androidx.test.core.app.InstrumentationActivityInvoker$BootstrapActivity@8271f80
08-22 22:08:29.086 24975 24975 V ActivityScenario: Activity lifecycle changed event received but ignored because the intent does not match. startActivityIntent=Intent { act=android.intent.action.MAIN cat=[android.intent.category.LAUNCHER] cmp=com.example.lunchtray/.MainActivity }, activity.getIntent()=Intent { act=android.intent.action.MAIN cat=[android.intent.category.LAUNCHER] flg=0x10008000 cmp=com.example.lunchtray/androidx.test.core.app.InstrumentationActivityInvoker$BootstrapActivity (has extras) }, activity=androidx.test.core.app.InstrumentationActivityInvoker$BootstrapActivity@8271f80
08-22 22:08:29.093 24975 24975 V ActivityScenario: Activity lifecycle changed event received but ignored because the intent does not match. startActivityIntent=Intent { act=android.intent.action.MAIN cat=[android.intent.category.LAUNCHER] cmp=com.example.lunchtray/.MainActivity }, activity.getIntent()=Intent { act=android.intent.action.MAIN cat=[android.intent.category.LAUNCHER] flg=0x10008000 cmp=com.example.lunchtray/androidx.test.core.app.InstrumentationActivityInvoker$BootstrapActivity (has extras) }, activity=androidx.test.core.app.InstrumentationActivityInvoker$BootstrapActivity@8271f80
08-22 22:08:29.093 24975 24975 V ActivityScenario: Activity lifecycle changed event received but ignored because the intent does not match. startActivityIntent=Intent { act=android.intent.action.MAIN cat=[android.intent.category.LAUNCHER] cmp=com.example.lunchtray/.MainActivity }, activity.getIntent()=Intent { act=android.intent.action.MAIN cat=[android.intent.category.LAUNCHER] flg=0x10008000 cmp=com.example.lunchtray/androidx.test.core.app.InstrumentationActivityInvoker$BootstrapActivity (has extras) }, activity=androidx.test.core.app.InstrumentationActivityInvoker$BootstrapActivity@8271f80
08-22 22:08:29.103 21775 21795 D EGL_emulation: app_time_stats: avg=47.73ms min=3.18ms max=648.66ms count=28
08-22 22:08:29.103 24975 24975 D LifecycleMonitor: Lifecycle status change: androidx.test.core.app.InstrumentationActivityInvoker$BootstrapActivity@8271f80 in: RESUMED
08-22 22:08:29.103 24975 24975 V ActivityScenario: Activity lifecycle changed event received but ignored because the intent does not match. startActivityIntent=Intent { act=android.intent.action.MAIN cat=[android.intent.category.LAUNCHER] cmp=com.example.lunchtray/.MainActivity }, activity.getIntent()=Intent { act=android.intent.action.MAIN cat=[android.intent.category.LAUNCHER] flg=0x10008000 cmp=com.example.lunchtray/androidx.test.core.app.InstrumentationActivityInvoker$BootstrapActivity (has extras) }, activity=androidx.test.core.app.InstrumentationActivityInvoker$BootstrapActivity@8271f80
08-22 22:08:29.104 24975 24975 V ActivityScenario: Activity lifecycle changed event received but ignored because the intent does not match. startActivityIntent=Intent { act=android.intent.action.MAIN cat=[android.intent.category.LAUNCHER] cmp=com.example.lunchtray/.MainActivity }, activity.getIntent()=Intent { act=android.intent.action.MAIN cat=[android.intent.category.LAUNCHER] flg=0x10008000 cmp=com.example.lunchtray/androidx.test.core.app.InstrumentationActivityInvoker$BootstrapActivity (has extras) }, activity=androidx.test.core.app.InstrumentationActivityInvoker$BootstrapActivity@8271f80
08-22 22:08:29.107 24975 24975 V ActivityScenario: Activity lifecycle changed event received but ignored because the intent does not match. startActivityIntent=Intent { act=android.intent.action.MAIN cat=[android.intent.category.LAUNCHER] cmp=com.example.lunchtray/.MainActivity }, activity.getIntent()=Intent { act=android.intent.action.MAIN cat=[android.intent.category.LAUNCHER] flg=0x10008000 cmp=com.example.lunchtray/androidx.test.core.app.InstrumentationActivityInvoker$BootstrapActivity (has extras) }, activity=androidx.test.core.app.InstrumentationActivityInvoker$BootstrapActivity@8271f80
08-22 22:08:29.107 24975 24975 V ActivityScenario: Activity lifecycle changed event received but ignored because the intent does not match. startActivityIntent=Intent { act=android.intent.action.MAIN cat=[android.intent.category.LAUNCHER] cmp=com.example.lunchtray/.MainActivity }, activity.getIntent()=Intent { act=android.intent.action.MAIN cat=[android.intent.category.LAUNCHER] flg=0x10008000 cmp=com.example.lunchtray/androidx.test.core.app.InstrumentationActivityInvoker$BootstrapActivity (has extras) }, activity=androidx.test.core.app.InstrumentationActivityInvoker$BootstrapActivity@8271f80
08-22 22:08:29.107 24975 24975 V ActivityScenario: Activity lifecycle changed event received but ignored because the intent does not match. startActivityIntent=Intent { act=android.intent.action.MAIN cat=[android.intent.category.LAUNCHER] cmp=com.example.lunchtray/.MainActivity }, activity.getIntent()=Intent { act=android.intent.action.MAIN cat=[android.intent.category.LAUNCHER] flg=0x10008000 cmp=com.example.lunchtray/androidx.test.core.app.InstrumentationActivityInvoker$BootstrapActivity (has extras) }, activity=androidx.test.core.app.InstrumentationActivityInvoker$BootstrapActivity@8271f80
08-22 22:08:29.110   347   416 D goldfish-address-space: claimShared: Ask to claim region [0x1f23f8000 0x1f2a24000]
08-22 22:08:29.124 24975 24975 D LifecycleMonitor: Lifecycle status change: androidx.test.core.app.InstrumentationActivityInvoker$BootstrapActivity@8271f80 in: PAUSED
08-22 22:08:29.124 24975 24975 V ActivityScenario: Activity lifecycle changed event received but ignored because the intent does not match. startActivityIntent=Intent { act=android.intent.action.MAIN cat=[android.intent.category.LAUNCHER] cmp=com.example.lunchtray/.MainActivity }, activity.getIntent()=Intent { act=android.intent.action.MAIN cat=[android.intent.category.LAUNCHER] flg=0x10008000 cmp=com.example.lunchtray/androidx.test.core.app.InstrumentationActivityInvoker$BootstrapActivity (has extras) }, activity=androidx.test.core.app.InstrumentationActivityInvoker$BootstrapActivity@8271f80
08-22 22:08:29.124 24975 24975 V ActivityScenario: Activity lifecycle changed event received but ignored because the intent does not match. startActivityIntent=Intent { act=android.intent.action.MAIN cat=[android.intent.category.LAUNCHER] cmp=com.example.lunchtray/.MainActivity }, activity.getIntent()=Intent { act=android.intent.action.MAIN cat=[android.intent.category.LAUNCHER] flg=0x10008000 cmp=com.example.lunchtray/androidx.test.core.app.InstrumentationActivityInvoker$BootstrapActivity (has extras) }, activity=androidx.test.core.app.InstrumentationActivityInvoker$BootstrapActivity@8271f80
08-22 22:08:29.124 24975 24975 V ActivityScenario: Activity lifecycle changed event received but ignored because the intent does not match. startActivityIntent=Intent { act=android.intent.action.MAIN cat=[android.intent.category.LAUNCHER] cmp=com.example.lunchtray/.MainActivity }, activity.getIntent()=Intent { act=android.intent.action.MAIN cat=[android.intent.category.LAUNCHER] flg=0x10008000 cmp=com.example.lunchtray/androidx.test.core.app.InstrumentationActivityInvoker$BootstrapActivity (has extras) }, activity=androidx.test.core.app.InstrumentationActivityInvoker$BootstrapActivity@8271f80
08-22 22:08:29.124 24975 24975 V ActivityScenario: Activity lifecycle changed event received but ignored because the intent does not match. startActivityIntent=Intent { act=android.intent.action.MAIN cat=[android.intent.category.LAUNCHER] cmp=com.example.lunchtray/.MainActivity }, activity.getIntent()=Intent { act=android.intent.action.MAIN cat=[android.intent.category.LAUNCHER] flg=0x10008000 cmp=com.example.lunchtray/androidx.test.core.app.InstrumentationActivityInvoker$BootstrapActivity (has extras) }, activity=androidx.test.core.app.InstrumentationActivityInvoker$BootstrapActivity@8271f80
08-22 22:08:29.124 24975 24975 V ActivityScenario: Activity lifecycle changed event received but ignored because the intent does not match. startActivityIntent=Intent { act=android.intent.action.MAIN cat=[android.intent.category.LAUNCHER] cmp=com.example.lunchtray/.MainActivity }, activity.getIntent()=Intent { act=android.intent.action.MAIN cat=[android.intent.category.LAUNCHER] flg=0x10008000 cmp=com.example.lunchtray/androidx.test.core.app.InstrumentationActivityInvoker$BootstrapActivity (has extras) }, activity=androidx.test.core.app.InstrumentationActivityInvoker$BootstrapActivity@8271f80
08-22 22:08:29.190 24975 24975 D LifecycleMonitor: Lifecycle status change: com.example.lunchtray.MainActivity@de1400a in: PRE_ON_CREATE
08-22 22:08:29.190 24975 24975 V ActivityScenario: Activity lifecycle changed event received but ignored because the reported transition was not ON_CREATE while the last known transition was DESTROYED
08-22 22:08:29.190 24975 24975 V ActivityScenario: Activity lifecycle changed event received but ignored because the reported transition was not ON_CREATE while the last known transition was DESTROYED
08-22 22:08:29.191 24975 24975 V ActivityScenario: Activity lifecycle changed event received but ignored because the reported transition was not ON_CREATE while the last known transition was DESTROYED
08-22 22:08:29.191 24975 24975 V ActivityScenario: Activity lifecycle changed event received but ignored because the reported transition was not ON_CREATE while the last known transition was DESTROYED
08-22 22:08:29.191 24975 24975 V ActivityScenario: Activity lifecycle changed event received but ignored because the reported transition was not ON_CREATE while the last known transition was PRE_ON_CREATE
08-22 22:08:29.230   893   977 D EGL_emulation: app_time_stats: avg=88.72ms min=3.34ms max=775.37ms count=18
08-22 22:08:29.251 24975 24975 D LifecycleMonitor: Lifecycle status change: com.example.lunchtray.MainActivity@de1400a in: CREATED
08-22 22:08:29.252 24975 24975 V ActivityScenario: Update currentActivityStage to CREATED, currentActivity=com.example.lunchtray.MainActivity@de1400a
08-22 22:08:29.252 24975 24975 V ActivityScenario: Update currentActivityStage to CREATED, currentActivity=com.example.lunchtray.MainActivity@de1400a
08-22 22:08:29.253 24975 24975 V ActivityScenario: Update currentActivityStage to CREATED, currentActivity=com.example.lunchtray.MainActivity@de1400a
08-22 22:08:29.253 24975 24975 V ActivityScenario: Update currentActivityStage to CREATED, currentActivity=com.example.lunchtray.MainActivity@de1400a
08-22 22:08:29.254 24975 24975 V ActivityScenario: Update currentActivityStage to CREATED, currentActivity=com.example.lunchtray.MainActivity@de1400a
08-22 22:08:29.283 24975 24975 D LifecycleMonitor: Lifecycle status change: com.example.lunchtray.MainActivity@de1400a in: STARTED
08-22 22:08:29.283 24975 24975 V ActivityScenario: Update currentActivityStage to STARTED, currentActivity=com.example.lunchtray.MainActivity@de1400a
08-22 22:08:29.283 24975 24975 V ActivityScenario: Update currentActivityStage to STARTED, currentActivity=com.example.lunchtray.MainActivity@de1400a
08-22 22:08:29.283 24975 24975 V ActivityScenario: Update currentActivityStage to STARTED, currentActivity=com.example.lunchtray.MainActivity@de1400a
08-22 22:08:29.284 24975 24975 V ActivityScenario: Update currentActivityStage to STARTED, currentActivity=com.example.lunchtray.MainActivity@de1400a
08-22 22:08:29.284 24975 24975 V ActivityScenario: Update currentActivityStage to STARTED, currentActivity=com.example.lunchtray.MainActivity@de1400a
08-22 22:08:29.287 24975 24975 D LifecycleMonitor: Lifecycle status change: com.example.lunchtray.MainActivity@de1400a in: RESUMED
08-22 22:08:29.288 24975 24975 V ActivityScenario: Update currentActivityStage to RESUMED, currentActivity=com.example.lunchtray.MainActivity@de1400a
08-22 22:08:29.289 24975 24975 V ActivityScenario: Update currentActivityStage to RESUMED, currentActivity=com.example.lunchtray.MainActivity@de1400a
08-22 22:08:29.289 24975 24975 V ActivityScenario: Update currentActivityStage to RESUMED, currentActivity=com.example.lunchtray.MainActivity@de1400a
08-22 22:08:29.289 24975 24975 V ActivityScenario: Update currentActivityStage to RESUMED, currentActivity=com.example.lunchtray.MainActivity@de1400a
08-22 22:08:29.289 24975 24975 V ActivityScenario: Update currentActivityStage to RESUMED, currentActivity=com.example.lunchtray.MainActivity@de1400a
08-22 22:08:29.309  1209  1219 I s.nexuslaunche: NativeAlloc concurrent copying GC freed 2683(194KB) AllocSpace objects, 0(0B) LOS objects, 49% free, 4268KB/8536KB, paused 90us,216us total 180.180ms
08-22 22:08:29.335   893   977 D EGL_emulation: app_time_stats: avg=49.24ms min=2.58ms max=564.84ms count=19
08-22 22:08:29.357   347   416 D goldfish-address-space: claimShared: Ask to claim region [0x1ec000000 0x1ec9a4000]
08-22 22:08:29.362   347   416 D goldfish-address-space: claimShared: Ask to claim region [0x1ee254000 0x1eebf8000]
08-22 22:08:29.364   347   416 D goldfish-address-space: claimShared: Ask to claim region [0x1f2a24000 0x1f33c8000]
08-22 22:08:29.439 24975 24975 D RootViewPicker: Root not ready - waiting: 10ms for one to appear.
08-22 22:08:29.497  1567  1567 I GoogleInputMethodService: GoogleInputMethodService.onFinishInput():3420
08-22 22:08:29.502  1567  1567 I GoogleInputMethodService: GoogleInputMethodService.onStartInput():2002
08-22 22:08:29.508  1567  1567 I DeviceUnlockedTag: DeviceUnlockedTag.notifyDeviceLockStatusChanged():31 Notify device unlocked.
08-22 22:08:29.511 24975 24975 I ViewInteraction: Performing 'single click' action on view view.getId() is <2131231208/com.example.lunchtray:id/start_order_btn>
08-22 22:08:29.563 24975 24975 D LifecycleMonitor: Lifecycle status change: androidx.test.core.app.InstrumentationActivityInvoker$BootstrapActivity@8271f80 in: STOPPED
08-22 22:08:29.563 24975 24975 V ActivityScenario: Activity lifecycle changed event received but ignored because the intent does not match. startActivityIntent=Intent { act=android.intent.action.MAIN cat=[android.intent.category.LAUNCHER] cmp=com.example.lunchtray/.MainActivity }, activity.getIntent()=Intent { act=android.intent.action.MAIN cat=[android.intent.category.LAUNCHER] flg=0x10008000 cmp=com.example.lunchtray/androidx.test.core.app.InstrumentationActivityInvoker$BootstrapActivity (has extras) }, activity=androidx.test.core.app.InstrumentationActivityInvoker$BootstrapActivity@8271f80
08-22 22:08:29.564 24975 24975 V ActivityScenario: Activity lifecycle changed event received but ignored because the intent does not match. startActivityIntent=Intent { act=android.intent.action.MAIN cat=[android.intent.category.LAUNCHER] cmp=com.example.lunchtray/.MainActivity }, activity.getIntent()=Intent { act=android.intent.action.MAIN cat=[android.intent.category.LAUNCHER] flg=0x10008000 cmp=com.example.lunchtray/androidx.test.core.app.InstrumentationActivityInvoker$BootstrapActivity (has extras) }, activity=androidx.test.core.app.InstrumentationActivityInvoker$BootstrapActivity@8271f80
08-22 22:08:29.564 24975 24975 V ActivityScenario: Activity lifecycle changed event received but ignored because the intent does not match. startActivityIntent=Intent { act=android.intent.action.MAIN cat=[android.intent.category.LAUNCHER] cmp=com.example.lunchtray/.MainActivity }, activity.getIntent()=Intent { act=android.intent.action.MAIN cat=[android.intent.category.LAUNCHER] flg=0x10008000 cmp=com.example.lunchtray/androidx.test.core.app.InstrumentationActivityInvoker$BootstrapActivity (has extras) }, activity=androidx.test.core.app.InstrumentationActivityInvoker$BootstrapActivity@8271f80
08-22 22:08:29.564 24975 24975 V ActivityScenario: Activity lifecycle changed event received but ignored because the intent does not match. startActivityIntent=Intent { act=android.intent.action.MAIN cat=[android.intent.category.LAUNCHER] cmp=com.example.lunchtray/.MainActivity }, activity.getIntent()=Intent { act=android.intent.action.MAIN cat=[android.intent.category.LAUNCHER] flg=0x10008000 cmp=com.example.lunchtray/androidx.test.core.app.InstrumentationActivityInvoker$BootstrapActivity (has extras) }, activity=androidx.test.core.app.InstrumentationActivityInvoker$BootstrapActivity@8271f80
08-22 22:08:29.565 24975 24975 V ActivityScenario: Activity lifecycle changed event received but ignored because the intent does not match. startActivityIntent=Intent { act=android.intent.action.MAIN cat=[android.intent.category.LAUNCHER] cmp=com.example.lunchtray/.MainActivity }, activity.getIntent()=Intent { act=android.intent.action.MAIN cat=[android.intent.category.LAUNCHER] flg=0x10008000 cmp=com.example.lunchtray/androidx.test.core.app.InstrumentationActivityInvoker$BootstrapActivity (has extras) }, activity=androidx.test.core.app.InstrumentationActivityInvoker$BootstrapActivity@8271f80
08-22 22:08:29.695   544  4089 W InputManager-JNI: Input channel object '686aa39 Splash Screen com.example.lunchtray (client)' was disposed without first being removed with the input manager!
08-22 22:08:29.957 24975 24975 I ViewInteraction: Performing 'single click' action on view view.getId() is <2131230844/com.example.lunchtray:id/cauliflower>
08-22 22:08:30.253 24975 24975 I ViewInteraction: Performing 'single click' action on view view.getId() is <2131231081/com.example.lunchtray:id/next_button>
08-22 22:08:30.440 24975 24999 D EGL_emulation: app_time_stats: avg=16.06ms min=2.65ms max=214.72ms count=43
08-22 22:08:30.588 24975 24975 I ViewInteraction: Performing 'single click' action on view view.getId() is <2131231138/com.example.lunchtray:id/salad>
08-22 22:08:30.888 24975 24975 I ViewInteraction: Performing 'single click' action on view view.getId() is <2131231081/com.example.lunchtray:id/next_button>
08-22 22:08:31.406 24975 24975 I ViewInteraction: Performing 'single click' action on view view.getId() is <2131230835/com.example.lunchtray:id/bread>
08-22 22:08:31.458 24975 24999 D EGL_emulation: app_time_stats: avg=23.98ms min=2.67ms max=253.75ms count=34
08-22 22:08:31.704 24975 24975 I ViewInteraction: Performing 'single click' action on view view.getId() is <2131231081/com.example.lunchtray:id/next_button>
08-22 22:08:32.023 24975 24975 I ViewInteraction: Checking 'MatchesViewAssertion{viewMatcher=an instance of android.widget.TextView and view.getText() with or without transformation to match: a string containing "Subtotal: $10.00"}' assertion on view view.getId() is <2131231217/com.example.lunchtray:id/subtotal>
08-22 22:08:32.027 24975 24975 I ViewInteraction: Checking 'MatchesViewAssertion{viewMatcher=an instance of android.widget.TextView and view.getText() with or without transformation to match: a string containing "Tax: $0.80"}' assertion on view view.getId() is <2131231233/com.example.lunchtray:id/tax>
08-22 22:08:32.032 24975 24997 E TestRunner: failed: subtotal_tax_total_in_checkout(com.example.lunchtray.OrderFunctionalityTests)
08-22 22:08:32.032 24975 24997 E TestRunner: ----- begin exception -----
08-22 22:08:32.034 24975 24997 E TestRunner: androidx.test.espresso.base.DefaultFailureHandler$AssertionFailedWithCauseError: 'an instance of android.widget.TextView and view.getText() with or without transformation to match: a string containing "Tax: $0.80"' doesn't match the selected view.
08-22 22:08:32.034 24975 24997 E TestRunner: Expected: an instance of android.widget.TextView and view.getText() with or without transformation to match: a string containing "Tax: $0.80"
08-22 22:08:32.034 24975 24997 E TestRunner:      Got: view.getText() was "Subtotal: $0.80" transformed text was "Subtotal: $0.80"
08-22 22:08:32.034 24975 24997 E TestRunner: View Details: MaterialTextView{id=2131231233, res-name=tax, visibility=VISIBLE, width=342, height=67, has-focus=false, has-focusable=false, has-window-focus=true, is-clickable=false, is-enabled=true, is-focused=false, is-focusable=false, is-layout-requested=false, is-selected=false, layout-params=androidx.constraintlayout.widget.ConstraintLayout$LayoutParams@64e8958, tag=null, root-is-layout-requested=false, has-input-connection=false, x=694.0, y=449.0, text=Subtotal: $0.80, input-type=0, ime-target=false, has-links=false}
08-22 22:08:32.034 24975 24997 E TestRunner:
08-22 22:08:32.034 24975 24997 E TestRunner: 	at dalvik.system.VMStack.getThreadStackTrace(Native Method)
08-22 22:08:32.034 24975 24997 E TestRunner: 	at java.lang.Thread.getStackTrace(Thread.java:1724)
08-22 22:08:32.034 24975 24997 E TestRunner: 	at androidx.test.espresso.base.DefaultFailureHandler.getUserFriendlyError(DefaultFailureHandler.java:12)
08-22 22:08:32.034 24975 24997 E TestRunner: 	at androidx.test.espresso.base.DefaultFailureHandler.handle(DefaultFailureHandler.java:7)
08-22 22:08:32.034 24975 24997 E TestRunner: 	at androidx.test.espresso.ViewInteraction.waitForAndHandleInteractionResults(ViewInteraction.java:5)
08-22 22:08:32.034 24975 24997 E TestRunner: 	at androidx.test.espresso.ViewInteraction.check(ViewInteraction.java:12)
08-22 22:08:32.034 24975 24997 E TestRunner: 	at com.example.lunchtray.OrderFunctionalityTests.subtotal_tax_total_in_checkout(OrderFunctionalityTests.kt:176)
08-22 22:08:32.034 24975 24997 E TestRunner: 	at java.lang.reflect.Method.invoke(Native Method)
08-22 22:08:32.034 24975 24997 E TestRunner: 	at org.junit.runners.model.FrameworkMethod$1.runReflectiveCall(FrameworkMethod.java:50)
08-22 22:08:32.034 24975 24997 E TestRunner: 	at org.junit.internal.runners.model.ReflectiveCallable.run(ReflectiveCallable.java:12)
08-22 22:08:32.034 24975 24997 E TestRunner: 	at org.junit.runners.model.FrameworkMethod.invokeExplosively(FrameworkMethod.java:47)
08-22 22:08:32.034 24975 24997 E TestRunner: 	at org.junit.internal.runners.statements.InvokeMethod.evaluate(InvokeMethod.java:17)
08-22 22:08:32.034 24975 24997 E TestRunner: 	at org.junit.runners.ParentRunner.runLeaf(ParentRunner.java:325)
08-22 22:08:32.034 24975 24997 E TestRunner: 	at org.junit.runners.BlockJUnit4ClassRunner.runChild(BlockJUnit4ClassRunner.java:78)
08-22 22:08:32.034 24975 24997 E TestRunner: 	at org.junit.runners.BlockJUnit4ClassRunner.runChild(BlockJUnit4ClassRunner.java:57)
08-22 22:08:32.034 24975 24997 E TestRunner: 	at org.junit.runners.ParentRunner$3.run(ParentRunner.java:290)
08-22 22:08:32.034 24975 24997 E TestRunner: 	at org.junit.runners.ParentRunner$1.schedule(ParentRunner.java:71)
08-22 22:08:32.034 24975 24997 E TestRunner: 	at org.junit.runners.ParentRunner.runChildren(ParentRunner.java:288)
08-22 22:08:32.034 24975 24997 E TestRunner: 	at org.junit.runners.ParentRunner.access$000(ParentRunner.java:58)
08-22 22:08:32.034 24975 24997 E TestRunner: 	at org.junit.runners.ParentRunner$2.evaluate(ParentRunner.java:268)
08-22 22:08:32.034 24975 24997 E TestRunner: 	at org.junit.runners.ParentRunner.run(ParentRunner.java:363)
08-22 22:08:32.034 24975 24997 E TestRunner: 	at androidx.test.ext.junit.runners.AndroidJUnit4.run(AndroidJUnit4.java:162)
08-22 22:08:32.034 24975 24997 E TestRunner: 	at org.junit.runners.Suite.runChild(Suite.java:128)
08-22 22:08:32.034 24975 24997 E TestRunner: 	at org.junit.runners.Suite.runChild(Suite.java:27)
08-22 22:08:32.034 24975 24997 E TestRunner: 	at org.junit.runners.ParentRunner$3.run(ParentRunner.java:290)
08-22 22:08:32.034 24975 24997 E TestRunner: 	at org.junit.runners.ParentRunner$1.schedule(ParentRunner.java:71)
08-22 22:08:32.034 24975 24997 E TestRunner: 	at org.junit.runners.ParentRunner.runChildren(ParentRunner.java:288)
08-22 22:08:32.034 24975 24997 E TestRunner: 	at org.junit.runners.ParentRunner.access$000(ParentRunner.java:58)
08-22 22:08:32.034 24975 24997 E TestRunner: 	at org.junit.runners.ParentRunner$2.evaluate(ParentRunner.java:268)
08-22 22:08:32.034 24975 24997 E TestRunner: 	at org.junit.runners.ParentRunner.run(ParentRunner.java:363)
08-22 22:08:32.034 24975 24997 E TestRunner: 	at org.junit.runner.JUnitCore.run(JUnitCore.java:137)
08-22 22:08:32.034 24975 24997 E TestRunner: 	at org.junit.runner.JUnitCore.run(JUnitCore.java:115)
08-22 22:08:32.034 24975 24997 E TestRunner: 	at androidx.test.internal.runner.TestExecutor.execute(TestExecutor.java:56)
08-22 22:08:32.034 24975 24997 E TestRunner: 	at androidx.test.runner.AndroidJUnitRunner.onStart(AndroidJUnitRunner.java:444)
08-22 22:08:32.034 24975 24997 E TestRunner: 	at android.app.Instrumentation$InstrumentationThread.run(Instrumentation.java:2248)
08-22 22:08:32.034 24975 24997 E TestRunner: Caused by: junit.framework.AssertionFailedError: 'an instance of android.widget.TextView and view.getText() with or without transformation to match: a string containing "Tax: $0.80"' doesn't match the selected view.
08-22 22:08:32.034 24975 24997 E TestRunner: Expected: an instance of android.widget.TextView and view.getText() with or without transformation to match: a string containing "Tax: $0.80"
08-22 22:08:32.034 24975 24997 E TestRunner:      Got: view.getText() was "Subtotal: $0.80" transformed text was "Subtotal: $0.80"
08-22 22:08:32.034 24975 24997 E TestRunner: View Details: MaterialTextView{id=2131231233, res-name=tax, visibility=VISIBLE, width=342, height=67, has-focus=false, has-focusable=false, has-window-focus=true, is-clickable=false, is-enabled=true, is-focused=false, is-focusable=false, is-layout-requested=false, is-selected=false, layout-params=androidx.constraintlayout.widget.ConstraintLayout$LayoutParams@64e8958, tag=null, root-is-layout-requested=false, has-input-connection=false, x=694.0, y=449.0, text=Subtotal: $0.80, input-type=0, ime-target=false, has-links=false}
08-22 22:08:32.034 24975 24997 E TestRunner:
08-22 22:08:32.034 24975 24997 E TestRunner: 	at androidx.test.espresso.matcher.ViewMatchers.assertThat(ViewMatchers.java:16)
08-22 22:08:32.034 24975 24997 E TestRunner: 	at androidx.test.espresso.assertion.ViewAssertions$MatchesViewAssertion.check(ViewAssertions.java:11)
08-22 22:08:32.034 24975 24997 E TestRunner: 	at androidx.test.espresso.ViewInteraction$SingleExecutionViewAssertion.check(ViewInteraction.java:2)
08-22 22:08:32.034 24975 24997 E TestRunner: 	at androidx.test.espresso.ViewInteraction$2.call(ViewInteraction.java:12)
08-22 22:08:32.034 24975 24997 E TestRunner: 	at androidx.test.espresso.ViewInteraction$2.call(ViewInteraction.java:1)
08-22 22:08:32.034 24975 24997 E TestRunner: 	at java.util.concurrent.FutureTask.run(FutureTask.java:266)
08-22 22:08:32.034 24975 24997 E TestRunner: 	at android.os.Handler.handleCallback(Handler.java:938)
08-22 22:08:32.034 24975 24997 E TestRunner: 	at android.os.Handler.dispatchMessage(Handler.java:99)
08-22 22:08:32.034 24975 24997 E TestRunner: 	at android.os.Looper.loopOnce(Looper.java:201)
08-22 22:08:32.034 24975 24997 E TestRunner: 	at android.os.Looper.loop(Looper.java:288)
08-22 22:08:32.034 24975 24997 E TestRunner: 	at android.app.ActivityThread.main(ActivityThread.java:7839)
08-22 22:08:32.034 24975 24997 E TestRunner: 	at java.lang.reflect.Method.invoke(Native Method)
08-22 22:08:32.034 24975 24997 E TestRunner: 	at com.android.internal.os.RuntimeInit$MethodAndArgsCaller.run(RuntimeInit.java:548)
08-22 22:08:32.034 24975 24997 E TestRunner: 	at com.android.internal.os.ZygoteInit.main(ZygoteInit.java:1003)
08-22 22:08:32.034 24975 24997 E TestRunner: ----- end exception -----
08-22 22:08:32.037 24975 24997 I TestRunner: finished: subtotal_tax_total_in_checkout(com.example.lunchtray.OrderFunctionalityTests)
