08-22 22:08:23.545 24975 24997 I TestRunner: started: subtotal_updates_in_full_order_flow(com.example.lunchtray.OrderFunctionalityTests)
08-22 22:08:23.552 24975 24997 W Settings: Setting always_finish_activities has moved from android.provider.Settings.System to android.provider.Settings.Global, returning read-only value.
08-22 22:08:23.562   893   973 D SplashScreenView: Build android.window.SplashScreenView{105389d V.E...... ......ID 0,0-0,0}
08-22 22:08:23.562   893   973 D SplashScreenView: Icon: view: null drawable: null size: 0
08-22 22:08:23.562   893   973 D SplashScreenView: Branding: view: android.view.View{ce72112 G.ED..... ......I. 0,0-0,0 #10204a6 android:id/splashscreen_branding_view} drawable: null size w: 0 h: 0
08-22 22:08:23.578 24975 24975 D LifecycleMonitor: Lifecycle status change: androidx.test.core.app.InstrumentationActivityInvoker$BootstrapActivity@cb18c99 in: PRE_ON_CREATE
08-22 22:08:23.578 24975 24975 V ActivityScenario: Activity lifecycle changed event received but ignored because the intent does not match. startActivityIntent=Intent { act=android.intent.action.MAIN cat=[android.intent.category.LAUNCHER] cmp=com.example.lunchtray/.MainActivity }, activity.getIntent()=Intent { act=android.intent.action.MAIN cat=[android.intent.category.LAUNCHER] flg=0x10008000 cmp=com.example.lunchtray/androidx.test.core.app.InstrumentationActivityInvoker$BootstrapActivity (has extras) }, activity=androidx.test.core.app.InstrumentationActivityInvoker$BootstrapActivity@cb18c99
08-22 22:08:23.578 24975 24975 V ActivityScenario: Activity lifecycle changed event received but ignored because the intent does not match. startActivityIntent=Intent { act=android.intent.action.MAIN cat=[android.intent.category.LAUNCHER] cmp=com.example.lunchtray/.MainActivity }, activity.getIntent()=Intent { act=android.intent.action.MAIN cat=[android.intent.category.LAUNCHER] flg=0x10008000 cmp=com.example.lunchtray/androidx.test.core.app.InstrumentationActivityInvoker$BootstrapActivity (has extras) }, activity=androidx.test.core.app.InstrumentationActivityInvoker$BootstrapActivity@cb18c99
08-22 22:08:23.580   347   402 D goldfish-address-space: claimShared: Ask to claim region [0x1ec000000 0x1ec9a4000]
08-22 22:08:23.581   347   402 D goldfish-address-space: claimShared: Ask to claim region [0x1edc28000 0x1ee5cc000]
08-22 22:08:23.582 24975 24975 D LifecycleMonitor: Lifecycle status change: androidx.test.core.app.InstrumentationActivityInvoker$BootstrapActivity@cb18c99 in: CREATED
08-22 22:08:23.582 24975 24975 V ActivityScenario: Activity lifecycle changed event received but ignored because the intent does not match. startActivityIntent=Intent { act=android.intent.action.MAIN cat=[android.intent.category.LAUNCHER] cmp=com.example.lunchtray/.MainActivity }, activity.getIntent()=Intent { act=android.intent.action.MAIN cat=[android.intent.category.LAUNCHER] flg=0x10008000 cmp=com.example.lunchtray/androidx.test.core.app.InstrumentationActivityInvoker$BootstrapActivity (has extras) }, activity=androidx.test.core.app.InstrumentationActivityInvoker$BootstrapActivity@cb18c99
08-22 22:08:23.583 24975 24975 V ActivityScenario: Activity lifecycle changed event received but ignored because the intent does not match. startActivityIntent=Intent { act=android.intent.action.MAIN cat=[android.intent.category.LAUNCHER] cmp=com.example.lunchtray/.MainActivity }, activity.getIntent()=Intent { act=android.intent.action.MAIN cat=[android.intent.category.LAUNCHER] flg=0x10008000 cmp=com.example.lunchtray/androidx.test.core.app.InstrumentationActivityInvoker$BootstrapActivity (has extras) }, activity=androidx.test.core.app.InstrumentationActivityInvoker$BootstrapActivity@cb18c99
08-22 22:08:23.583   347   402 D goldfish-address-space: claimShared: Ask to claim region [0x1ee5cc000 0x1eef70000]
08-22 22:08:23.584 24975 24975 D LifecycleMonitor: Lifecycle status change: androidx.test.core.app.InstrumentationActivityInvoker$BootstrapActivity@cb18c99 in: STARTED
08-22 22:08:23.585 24975 24975 V ActivityScenario: Activity lifecycle changed event received but ignored because the intent does not match. startActivityIntent=Intent { act=android.intent.action.MAIN cat=[android.intent.category.LAUNCHER] cmp=com.example.lunchtray/.MainActivity }, activity.getIntent()=Intent { act=android.intent.action.MAIN cat=[android.intent.category.LAUNCHER] flg=0x10008000 cmp=com.example.lunchtray/androidx.test.core.app.InstrumentationActivityInvoker$BootstrapActivity (has extras) }, activity=androidx.test.core.app.InstrumentationActivityInvoker$BootstrapActivity@cb18c99
08-22 22:08:23.585 24975 24975 V ActivityScenario: Activity lifecycle changed event received but ignored because the intent does not match. startActivityIntent=Intent { act=android.intent.action.MAIN cat=[android.intent.category.LAUNCHER] cmp=com.example.lunchtray/.MainActivity }, activity.getIntent()=Intent { act=android.intent.action.MAIN cat=[android.intent.category.LAUNCHER] flg=0x10008000 cmp=com.example.lunchtray/androidx.test.core.app.InstrumentationActivityInvoker$BootstrapActivity (has extras) }, activity=androidx.test.core.app.InstrumentationActivityInvoker$BootstrapActivity@cb18c99
08-22 22:08:23.599 24975 24975 D LifecycleMonitor: Lifecycle status change: androidx.test.core.app.InstrumentationActivityInvoker$BootstrapActivity@cb18c99 in: RESUMED
08-22 22:08:23.599 24975 24975 V ActivityScenario: Activity lifecycle changed event received but ignored because the intent does not match. startActivityIntent=Intent { act=android.intent.action.MAIN cat=[android.intent.category.LAUNCHER] cmp=com.example.lunchtray/.MainActivity }, activity.getIntent()=Intent { act=android.intent.action.MAIN cat=[android.intent.category.LAUNCHER] flg=0x10008000 cmp=com.example.lunchtray/androidx.test.core.app.InstrumentationActivityInvoker$BootstrapActivity (has extras) }, activity=androidx.test.core.app.InstrumentationActivityInvoker$BootstrapActivity@cb18c99
08-22 22:08:23.600 24975 24975 V ActivityScenario: Activity lifecycle changed event received but ignored because the intent does not match. startActivityIntent=Intent { act=android.intent.action.MAIN cat=[android.intent.category.LAUNCHER] cmp=com.example.lunchtray/.MainActivity }, activity.getIntent()=Intent { act=android.intent.action.MAIN cat=[android.intent.category.LAUNCHER] flg=0x10008000 cmp=com.example.lunchtray/androidx.test.core.app.InstrumentationActivityInvoker$BootstrapActivity (has extras) }, activity=androidx.test.core.app.InstrumentationActivityInvoker$BootstrapActivity@cb18c99
08-22 22:08:23.603   347   402 D goldfish-address-space: claimShared: Ask to claim region [0x1f3740000 0x1f3d6c000]
08-22 22:08:23.616 24975 24975 D LifecycleMonitor: Lifecycle status change: androidx.test.core.app.InstrumentationActivityInvoker$BootstrapActivity@cb18c99 in: PAUSED
08-22 22:08:23.616 24975 24975 V ActivityScenario: Activity lifecycle changed event received but ignored because the intent does not match. startActivityIntent=Intent { act=android.intent.action.MAIN cat=[android.intent.category.LAUNCHER] cmp=com.example.lunchtray/.MainActivity }, activity.getIntent()=Intent { act=android.intent.action.MAIN cat=[android.intent.category.LAUNCHER] flg=0x10008000 cmp=com.example.lunchtray/androidx.test.core.app.InstrumentationActivityInvoker$BootstrapActivity (has extras) }, activity=androidx.test.core.app.InstrumentationActivityInvoker$BootstrapActivity@cb18c99
08-22 22:08:23.616 24975 24975 V ActivityScenario: Activity lifecycle changed event received but ignored because the intent does not match. startActivityIntent=Intent { act=android.intent.action.MAIN cat=[android.intent.category.LAUNCHER] cmp=com.example.lunchtray/.MainActivity }, activity.getIntent()=Intent { act=android.intent.action.MAIN cat=[android.intent.category.LAUNCHER] flg=0x10008000 cmp=com.example.lunchtray/androidx.test.core.app.InstrumentationActivityInvoker$BootstrapActivity (has extras) }, activity=androidx.test.core.app.InstrumentationActivityInvoker$BootstrapActivity@cb18c99
08-22 22:08:23.630 24975 24975 D LifecycleMonitor: Lifecycle status change: com.example.lunchtray.MainActivity@14dc5b in: PRE_ON_CREATE
08-22 22:08:23.631 24975 24975 V ActivityScenario: Activity lifecycle changed event received but ignored because the reported transition was not ON_CREATE while the last known transition was DESTROYED
08-22 22:08:23.631 24975 24975 V ActivityScenario: Activity lifecycle changed event received but ignored because the reported transition was not ON_CREATE while the last known transition was PRE_ON_CREATE
08-22 22:08:23.656 24975 24975 D LifecycleMonitor: Lifecycle status change: com.example.lunchtray.MainActivity@14dc5b in: CREATED
08-22 22:08:23.656 24975 24975 V ActivityScenario: Update currentActivityStage to CREATED, currentActivity=com.example.lunchtray.MainActivity@14dc5b
08-22 22:08:23.657 24975 24975 V ActivityScenario: Update currentActivityStage to CREATED, currentActivity=com.example.lunchtray.MainActivity@14dc5b
08-22 22:08:23.663 24975 24975 D LifecycleMonitor: Lifecycle status change: com.example.lunchtray.MainActivity@14dc5b in: STARTED
08-22 22:08:23.663 24975 24975 V ActivityScenario: Update currentActivityStage to STARTED, currentActivity=com.example.lunchtray.MainActivity@14dc5b
08-22 22:08:23.663 24975 24975 V ActivityScenario: Update currentActivityStage to STARTED, currentActivity=com.example.lunchtray.MainActivity@14dc5b
08-22 22:08:23.664 24975 24975 D LifecycleMonitor: Lifecycle status change: com.example.lunchtray.MainActivity@14dc5b in: RESUMED
08-22 22:08:23.664 24975 24975 V ActivityScenario: Update currentActivityStage to RESUMED, currentActivity=com.example.lunchtray.MainActivity@14dc5b
08-22 22:08:23.664 24975 24975 V ActivityScenario: Update currentActivityStage to RESUMED, currentActivity=com.example.lunchtray.MainActivity@14dc5b
08-22 22:08:23.678   347   402 D goldfish-address-space: claimShared: Ask to claim region [0x1f23f8000 0x1f2d9c000]
08-22 22:08:23.680   347   402 D goldfish-address-space: claimShared: Ask to claim region [0x1f2d9c000 0x1f3740000]
08-22 22:08:23.680   347   402 D goldfish-address-space: claimShared: Ask to claim region [0x1f0000000 0x1f09a4000]
08-22 22:08:23.697 24975 24975 D RootViewPicker: Root not ready - waiting: 10ms for one to appear.
08-22 22:08:23.711  1567  1567 I GoogleInputMethodService: GoogleInputMethodService.onFinishInput():3420
08-22 22:08:23.713  1567  1567 I GoogleInputMethodService: GoogleInputMethodService.onStartInput():2002
08-22 22:08:23.714  1567  1567 I DeviceUnlockedTag: DeviceUnlockedTag.notifyDeviceLockStatusChanged():31 Notify device unlocked.
08-22 22:08:23.757 24975 24975 I ViewInteraction: Performing 'single click' action on view view.getId() is <2131231208/com.example.lunchtray:id/start_order_btn>
08-22 22:08:23.992   544  2015 W InputManager-JNI: Input channel object 'bf705c9 Splash Screen com.example.lunchtray (client)' was disposed without first being removed with the input manager!
08-22 22:08:24.023 24975 24975 D LifecycleMonitor: Lifecycle status change: androidx.test.core.app.InstrumentationActivityInvoker$BootstrapActivity@cb18c99 in: STOPPED
08-22 22:08:24.023 24975 24975 V ActivityScenario: Activity lifecycle changed event received but ignored because the intent does not match. startActivityIntent=Intent { act=android.intent.action.MAIN cat=[android.intent.category.LAUNCHER] cmp=com.example.lunchtray/.MainActivity }, activity.getIntent()=Intent { act=android.intent.action.MAIN cat=[android.intent.category.LAUNCHER] flg=0x10008000 cmp=com.example.lunchtray/androidx.test.core.app.InstrumentationActivityInvoker$BootstrapActivity (has extras) }, activity=androidx.test.core.app.InstrumentationActivityInvoker$BootstrapActivity@cb18c99
08-22 22:08:24.024 24975 24975 V ActivityScenario: Activity lifecycle changed event received but ignored because the intent does not match. startActivityIntent=Intent { act=android.intent.action.MAIN cat=[android.intent.category.LAUNCHER] cmp=com.example.lunchtray/.MainActivity }, activity.getIntent()=Intent { act=android.intent.action.MAIN cat=[android.intent.category.LAUNCHER] flg=0x10008000 cmp=com.example.lunchtray/androidx.test.core.app.InstrumentationActivityInvoker$BootstrapActivity (has extras) }, activity=androidx.test.core.app.InstrumentationActivityInvoker$BootstrapActivity@cb18c99
08-22 22:08:24.122 24975 24975 I ViewInteraction: Performing 'single click' action on view view.getId() is <2131230844/com.example.lunchtray:id/cauliflower>
08-22 22:08:24.422 24975 24975 I ViewInteraction: Performing 'single click' action on view view.getId() is <2131231081/com.example.lunchtray:id/next_button>
08-22 22:08:24.807 24975 24975 I ViewInteraction: Performing 'single click' action on view view.getId() is <2131231138/com.example.lunchtray:id/salad>
08-22 22:08:24.858 24975 24999 D EGL_emulation: app_time_stats: avg=17.61ms min=2.53ms max=237.23ms count=42
08-22 22:08:25.107 24975 24975 I ViewInteraction: Checking 'MatchesViewAssertion{viewMatcher=an instance of android.widget.TextView and view.getText() with or without transformation to match: a string containing "Subtotal: $9.50"}' assertion on view view.getId() is <2131231217/com.example.lunchtray:id/subtotal>
08-22 22:08:25.109 24975 24975 I ViewInteraction: Performing 'single click' action on view view.getId() is <2131231081/com.example.lunchtray:id/next_button>
08-22 22:08:25.422 24975 24975 I ViewInteraction: Performing 'single click' action on view view.getId() is <2131230835/com.example.lunchtray:id/bread>
08-22 22:08:25.720 24975 24975 I ViewInteraction: Checking 'MatchesViewAssertion{viewMatcher=an instance of android.widget.TextView and view.getText() with or without transformation to match: a string containing "Subtotal: $10.00"}' assertion on view view.getId() is <2131231217/com.example.lunchtray:id/subtotal>
08-22 22:08:25.721 24975 24975 I ViewInteraction: Performing 'single click' action on view view.getId() is <2131231081/com.example.lunchtray:id/next_button>
08-22 22:08:25.891 24975 24999 D EGL_emulation: app_time_stats: avg=12.00ms min=2.55ms max=130.96ms count=45
08-22 22:08:25.958  4733  4733 D BoundBrokerSvc: onUnbind: Intent { act=com.google.android.gms.feedback.internal.IFeedbackService cmp=com.google.android.gms/.chimera.GmsBoundBrokerService }
08-22 22:08:26.036 24975 24975 I ViewInteraction: Checking 'MatchesViewAssertion{viewMatcher=an instance of android.widget.TextView and view.getText() with or without transformation to match: a string containing "Subtotal: $10.00"}' assertion on view view.getId() is <2131231217/com.example.lunchtray:id/subtotal>
08-22 22:08:26.037 24975 24997 I TestRunner: finished: subtotal_updates_in_full_order_flow(com.example.lunchtray.OrderFunctionalityTests)
